[36mvite v5.4.19 [32mbuilding for production...[36m[39m
transforming...
[32mÔ£ô[39m 18785 modules transformed.
rendering chunks...
computing gzip size...
[2mdist/[22m[32mindex.html                                         [39m[1m[2m    4.78 kB[22m[1m[22m[2m Ôöé gzip:   1.63 kB[22m
[2mdist/[22m[35massets/css/UserSettings-D6HDDv27.css               [39m[1m[2m    3.24 kB[22m[1m[22m[2m Ôöé gzip:   0.81 kB[22m
[2mdist/[22m[35massets/css/StepBookingModal-5THQb4fs.css           [39m[1m[2m    3.43 kB[22m[1m[22m[2m Ôöé gzip:   1.10 kB[22m
[2mdist/[22m[35massets/css/ResponsiveTableV2-C2C0VAMX.css          [39m[1m[2m    3.74 kB[22m[1m[22m[2m Ôöé gzip:   0.92 kB[22m
[2mdist/[22m[35massets/css/BookingsPage-Bt5G9dks.css               [39m[1m[2m   13.97 kB[22m[1m[22m[2m Ôöé gzip:   2.59 kB[22m
[2mdist/[22m[35massets/css/LegalDocumentsPage-DZrYvFpI.css         [39m[1m[2m   22.04 kB[22m[1m[22m[2m Ôöé gzip:   3.51 kB[22m
[2mdist/[22m[35massets/css/BookingCalendarPage-fDeW-eNP.css        [39m[1m[2m   33.51 kB[22m[1m[22m[2m Ôöé gzip:   6.36 kB[22m
[2mdist/[22m[35massets/css/index-Ksb5Swjm.css                      [39m[1m[2m  257.63 kB[22m[1m[22m[2m Ôöé gzip:  36.71 kB[22m
[2mdist/[22m[36massets/js/index-Cxm5rMYG.js                        [39m[1m[2m    0.10 kB[22m[1m[22m[2m Ôöé gzip:   0.12 kB[22m
[2mdist/[22m[36massets/js/isToday-D5eIlkkP.js                      [39m[1m[2m    0.14 kB[22m[1m[22m[2m Ôöé gzip:   0.14 kB[22m
[2mdist/[22m[36massets/js/startOfMonth-DYrEsXSL.js                 [39m[1m[2m    0.15 kB[22m[1m[22m[2m Ôöé gzip:   0.15 kB[22m
[2mdist/[22m[36massets/js/useData-CK43eyCX.js                      [39m[1m[2m    0.17 kB[22m[1m[22m[2m Ôöé gzip:   0.16 kB[22m
[2mdist/[22m[36massets/js/throttleByAnimationFrame-D-eHmQkz.js     [39m[1m[2m    0.20 kB[22m[1m[22m[2m Ôöé gzip:   0.18 kB[22m
[2mdist/[22m[36massets/js/isSameOrAfter-Dx3LxoCZ.js                [39m[1m[2m    0.20 kB[22m[1m[22m[2m Ôöé gzip:   0.17 kB[22m
[2mdist/[22m[36massets/js/isSameOrBefore-jtMb1rOZ.js               [39m[1m[2m    0.21 kB[22m[1m[22m[2m Ôöé gzip:   0.17 kB[22m
[2mdist/[22m[36massets/js/LineChart-BwJkvpwI.js                    [39m[1m[2m    0.28 kB[22m[1m[22m[2m Ôöé gzip:   0.21 kB[22m
[2mdist/[22m[36massets/js/AreaChart-wlQOln_l.js                    [39m[1m[2m    0.28 kB[22m[1m[22m[2m Ôöé gzip:   0.21 kB[22m
[2mdist/[22m[36massets/js/calendarConfig-DS9L679g.js               [39m[1m[2m    0.33 kB[22m[1m[22m[2m Ôöé gzip:   0.20 kB[22m
[2mdist/[22m[36massets/js/subDays-DAEOPuQF.js                      [39m[1m[2m    0.34 kB[22m[1m[22m[2m Ôöé gzip:   0.25 kB[22m
[2mdist/[22m[36massets/js/DownOutlined-DBDOFi-o.js                 [39m[1m[2m    0.37 kB[22m[1m[22m[2m Ôöé gzip:   0.28 kB[22m
[2mdist/[22m[36massets/js/UpOutlined-w84MbjyF.js                   [39m[1m[2m    0.37 kB[22m[1m[22m[2m Ôöé gzip:   0.28 kB[22m
[2mdist/[22m[36massets/js/EditOutlined-CKWuJJjA.js                 [39m[1m[2m    0.37 kB[22m[1m[22m[2m Ôöé gzip:   0.28 kB[22m
[2mdist/[22m[36massets/js/DeleteOutlined-CquCe9HY.js               [39m[1m[2m    0.37 kB[22m[1m[22m[2m Ôöé gzip:   0.28 kB[22m
[2mdist/[22m[36massets/js/SearchOutlined-nkShhUWa.js               [39m[1m[2m    0.37 kB[22m[1m[22m[2m Ôöé gzip:   0.28 kB[22m
[2mdist/[22m[36massets/js/PlusOutlined-BFS2MM8o.js                 [39m[1m[2m    0.37 kB[22m[1m[22m[2m Ôöé gzip:   0.28 kB[22m
[2mdist/[22m[36massets/js/EyeOutlined-DqZeNwzQ.js                  [39m[1m[2m    0.37 kB[22m[1m[22m[2m Ôöé gzip:   0.28 kB[22m
[2mdist/[22m[36massets/js/QuestionCircleOutlined-CMUmhw1z.js       [39m[1m[2m    0.37 kB[22m[1m[22m[2m Ôöé gzip:   0.28 kB[22m
[2mdist/[22m[36massets/js/DownloadOutlined-n0gf_46c.js             [39m[1m[2m    0.37 kB[22m[1m[22m[2m Ôöé gzip:   0.28 kB[22m
[2mdist/[22m[36massets/js/LoadingOutlined-DAz8b4rn.js              [39m[1m[2m    0.37 kB[22m[1m[22m[2m Ôöé gzip:   0.28 kB[22m
[2mdist/[22m[36massets/js/RightOutlined-ToWYOej6.js                [39m[1m[2m    0.37 kB[22m[1m[22m[2m Ôöé gzip:   0.28 kB[22m
[2mdist/[22m[36massets/js/LeftOutlined-CeL6gbpN.js                 [39m[1m[2m    0.37 kB[22m[1m[22m[2m Ôöé gzip:   0.28 kB[22m
[2mdist/[22m[36massets/js/SwapOutlined-CKNjB6Ix.js                 [39m[1m[2m    0.37 kB[22m[1m[22m[2m Ôöé gzip:   0.28 kB[22m
[2mdist/[22m[36massets/js/CheckCircleFilled-cmiEYxS5.js            [39m[1m[2m    0.37 kB[22m[1m[22m[2m Ôöé gzip:   0.28 kB[22m
[2mdist/[22m[36massets/js/clsx-BeLtu-UY.js                         [39m[1m[2m    0.37 kB[22m[1m[22m[2m Ôöé gzip:   0.24 kB[22m
[2mdist/[22m[36massets/js/serviceCapacityFilter-B7EqBPBv.js        [39m[1m[2m    0.39 kB[22m[1m[22m[2m Ôöé gzip:   0.25 kB[22m
[2mdist/[22m[36massets/js/isBetween-MrsNZ8XC.js                    [39m[1m[2m    0.39 kB[22m[1m[22m[2m Ôöé gzip:   0.25 kB[22m
[2mdist/[22m[36massets/js/StarFilled-C76od27l.js                   [39m[1m[2m    0.41 kB[22m[1m[22m[2m Ôöé gzip:   0.30 kB[22m
[2mdist/[22m[36massets/js/VerticalAlignTopOutlined-v_ZPtoJ9.js     [39m[1m[2m    0.43 kB[22m[1m[22m[2m Ôöé gzip:   0.31 kB[22m
[2mdist/[22m[36massets/js/endOfWeek-BUhbFSxi.js                    [39m[1m[2m    0.48 kB[22m[1m[22m[2m Ôöé gzip:   0.29 kB[22m
[2mdist/[22m[36massets/js/StarFilled-CNctUIhy.js                   [39m[1m[2m    0.51 kB[22m[1m[22m[2m Ôöé gzip:   0.35 kB[22m
[2mdist/[22m[36massets/js/FinanceDailyOperations-DLdrjFu8.js       [39m[1m[2m    0.56 kB[22m[1m[22m[2m Ôöé gzip:   0.33 kB[22m
[2mdist/[22m[36massets/js/ErrorIndicator-ClvL4Nmi.js               [39m[1m[2m    0.57 kB[22m[1m[22m[2m Ôöé gzip:   0.37 kB[22m
[2mdist/[22m[36massets/js/MinusOutlined-B7T3i86E.js                [39m[1m[2m    0.60 kB[22m[1m[22m[2m Ôöé gzip:   0.43 kB[22m
[2mdist/[22m[36massets/js/StudentPortalUnavailable-B0tL7tHt.js     [39m[1m[2m    0.63 kB[22m[1m[22m[2m Ôöé gzip:   0.38 kB[22m
[2mdist/[22m[36massets/js/MoreOutlined-Dsc8X35x.js                 [39m[1m[2m    0.63 kB[22m[1m[22m[2m Ôöé gzip:   0.41 kB[22m
[2mdist/[22m[36massets/js/useInstructorStudents-Ba6tE0ne.js        [39m[1m[2m    0.64 kB[22m[1m[22m[2m Ôöé gzip:   0.41 kB[22m
[2mdist/[22m[36massets/js/groupLessonRequestService-lALYnUjz.js    [39m[1m[2m    0.68 kB[22m[1m[22m[2m Ôöé gzip:   0.34 kB[22m
[2mdist/[22m[36massets/js/ThunderboltFilled-CU7VMLzz.js            [39m[1m[2m    0.70 kB[22m[1m[22m[2m Ôöé gzip:   0.51 kB[22m
[2mdist/[22m[36massets/js/StudentBookServicePage-7BlAAQTH.js       [39m[1m[2m    0.71 kB[22m[1m[22m[2m Ôöé gzip:   0.45 kB[22m
[2mdist/[22m[36massets/js/useStudentMutations-DuzUsm-e.js          [39m[1m[2m    0.71 kB[22m[1m[22m[2m Ôöé gzip:   0.35 kB[22m
[2mdist/[22m[36massets/js/ArrowUpOutlined-BbUxoK9P.js              [39m[1m[2m    0.72 kB[22m[1m[22m[2m Ôöé gzip:   0.52 kB[22m
[2mdist/[22m[36massets/js/ArrowDownOutlined-CHVcCWYf.js            [39m[1m[2m    0.73 kB[22m[1m[22m[2m Ôöé gzip:   0.53 kB[22m
[2mdist/[22m[36massets/js/CurrencySelector-7HkoJPdO.js             [39m[1m[2m    0.76 kB[22m[1m[22m[2m Ôöé gzip:   0.46 kB[22m
[2mdist/[22m[36massets/js/FilterOutlined-BB3jEmGg.js               [39m[1m[2m    0.76 kB[22m[1m[22m[2m Ôöé gzip:   0.55 kB[22m
[2mdist/[22m[36massets/js/ThunderboltOutlined-CNhsWmVH.js          [39m[1m[2m    0.77 kB[22m[1m[22m[2m Ôöé gzip:   0.55 kB[22m
[2mdist/[22m[36massets/js/CheckIcon-BFE5K-ol.js                    [39m[1m[2m    0.78 kB[22m[1m[22m[2m Ôöé gzip:   0.50 kB[22m
[2mdist/[22m[36massets/js/RentalsCalendar-CYGxuk6q.js              [39m[1m[2m    0.78 kB[22m[1m[22m[2m Ôöé gzip:   0.43 kB[22m
[2mdist/[22m[36massets/js/PlusIcon-wbg2xS0c.js                     [39m[1m[2m    0.78 kB[22m[1m[22m[2m Ôöé gzip:   0.50 kB[22m
[2mdist/[22m[36massets/js/ChevronLeftIcon-BOqQ0tDw.js              [39m[1m[2m    0.78 kB[22m[1m[22m[2m Ôöé gzip:   0.51 kB[22m
[2mdist/[22m[36massets/js/ArrowRightIcon-BkQVT8re.js               [39m[1m[2m    0.79 kB[22m[1m[22m[2m Ôöé gzip:   0.51 kB[22m
[2mdist/[22m[36massets/js/RiseOutlined-93WGpd-G.js                 [39m[1m[2m    0.79 kB[22m[1m[22m[2m Ôöé gzip:   0.55 kB[22m
[2mdist/[22m[36massets/js/FallOutlined-CD-9412L.js                 [39m[1m[2m    0.79 kB[22m[1m[22m[2m Ôöé gzip:   0.55 kB[22m
[2mdist/[22m[36massets/js/BookOutlined-DiA3dnFy.js                 [39m[1m[2m    0.80 kB[22m[1m[22m[2m Ôöé gzip:   0.56 kB[22m
[2mdist/[22m[36massets/js/StopOutlined-CR7NTZvG.js                 [39m[1m[2m    0.80 kB[22m[1m[22m[2m Ôöé gzip:   0.55 kB[22m
[2mdist/[22m[36massets/js/ClockIcon-DfMhgqDb.js                    [39m[1m[2m    0.80 kB[22m[1m[22m[2m Ôöé gzip:   0.52 kB[22m
[2mdist/[22m[36massets/js/WarningOutlined-Csh1LthG.js              [39m[1m[2m    0.81 kB[22m[1m[22m[2m Ôöé gzip:   0.57 kB[22m
[2mdist/[22m[36massets/js/analyticsService-C-qL4XMB.js             [39m[1m[2m    0.82 kB[22m[1m[22m[2m Ôöé gzip:   0.48 kB[22m
[2mdist/[22m[36massets/js/ExclamationCircleIcon-BQLl0ayA.js        [39m[1m[2m    0.83 kB[22m[1m[22m[2m Ôöé gzip:   0.54 kB[22m
[2mdist/[22m[36massets/js/TableOutlined-luPUJJEX.js                [39m[1m[2m    0.83 kB[22m[1m[22m[2m Ôöé gzip:   0.54 kB[22m
[2mdist/[22m[36massets/js/CustomerServiceOutlined-IDzoAO7h.js      [39m[1m[2m    0.84 kB[22m[1m[22m[2m Ôöé gzip:   0.57 kB[22m
[2mdist/[22m[36massets/js/FinanceSettingsPage-CSc7OR5j.js          [39m[1m[2m    0.85 kB[22m[1m[22m[2m Ôöé gzip:   0.49 kB[22m
[2mdist/[22m[36massets/js/ExclamationCircleOutlined-DF56DIRx.js    [39m[1m[2m    0.85 kB[22m[1m[22m[2m Ôöé gzip:   0.55 kB[22m
[2mdist/[22m[36massets/js/ShoppingOutlined-LCm_vIQ8.js             [39m[1m[2m    0.85 kB[22m[1m[22m[2m Ôöé gzip:   0.56 kB[22m
[2mdist/[22m[36massets/js/CurrencyEuroIcon-C_TBKlbI.js             [39m[1m[2m    0.85 kB[22m[1m[22m[2m Ôöé gzip:   0.55 kB[22m
[2mdist/[22m[36massets/js/scrollTo-DzKN0OZ9.js                     [39m[1m[2m    0.86 kB[22m[1m[22m[2m Ôöé gzip:   0.50 kB[22m
[2mdist/[22m[36massets/js/LineChartOutlined-3Tf-UVoH.js            [39m[1m[2m    0.86 kB[22m[1m[22m[2m Ôöé gzip:   0.56 kB[22m
[2mdist/[22m[36massets/js/HomeOutlined-CrWEFd_Q.js                 [39m[1m[2m    0.88 kB[22m[1m[22m[2m Ôöé gzip:   0.60 kB[22m
[2mdist/[22m[36massets/js/SafetyOutlined-F8YGai5L.js               [39m[1m[2m    0.88 kB[22m[1m[22m[2m Ôöé gzip:   0.57 kB[22m
[2mdist/[22m[36massets/js/UnorderedListOutlined-IuKSZKGV.js        [39m[1m[2m    0.90 kB[22m[1m[22m[2m Ôöé gzip:   0.48 kB[22m
[2mdist/[22m[36massets/js/UserIcon-BBsnZjy8.js                     [39m[1m[2m    0.91 kB[22m[1m[22m[2m Ôöé gzip:   0.58 kB[22m
[2mdist/[22m[36massets/js/PictureOutlined-KssSzilQ.js              [39m[1m[2m    0.91 kB[22m[1m[22m[2m Ôöé gzip:   0.61 kB[22m
[2mdist/[22m[36massets/js/subWeeks-D69fE5pJ.js                     [39m[1m[2m    0.91 kB[22m[1m[22m[2m Ôöé gzip:   0.48 kB[22m
[2mdist/[22m[36massets/js/TagOutlined-DCwOHI8j.js                  [39m[1m[2m    0.91 kB[22m[1m[22m[2m Ôöé gzip:   0.61 kB[22m
[2mdist/[22m[36massets/js/ArrowPathIcon-DHBN_TCi.js                [39m[1m[2m    0.92 kB[22m[1m[22m[2m Ôöé gzip:   0.58 kB[22m
[2mdist/[22m[36massets/js/TrophyFilled-B_jEVXUT.js                 [39m[1m[2m    0.93 kB[22m[1m[22m[2m Ôöé gzip:   0.64 kB[22m
[2mdist/[22m[36massets/js/CreditCardIcon-C5sbp7c0.js               [39m[1m[2m    0.93 kB[22m[1m[22m[2m Ôöé gzip:   0.57 kB[22m
[2mdist/[22m[36massets/js/PrinterOutlined-DDGMHTIl.js              [39m[1m[2m    0.93 kB[22m[1m[22m[2m Ôöé gzip:   0.61 kB[22m
[2mdist/[22m[36massets/js/SaveOutlined-hoIaXtek.js                 [39m[1m[2m    0.94 kB[22m[1m[22m[2m Ôöé gzip:   0.60 kB[22m
[2mdist/[22m[36massets/js/ShopOrdersPage-DBwHp6rg.js               [39m[1m[2m    0.95 kB[22m[1m[22m[2m Ôöé gzip:   0.52 kB[22m
[2mdist/[22m[36massets/js/instructorApi-D73cuRzY.js                [39m[1m[2m    0.95 kB[22m[1m[22m[2m Ôöé gzip:   0.37 kB[22m
[2mdist/[22m[36massets/js/SendOutlined-lWBRsWNl.js                 [39m[1m[2m    0.96 kB[22m[1m[22m[2m Ôöé gzip:   0.64 kB[22m
[2mdist/[22m[36massets/js/NotificationOutlined-CABTIw9u.js         [39m[1m[2m    0.96 kB[22m[1m[22m[2m Ôöé gzip:   0.65 kB[22m
[2mdist/[22m[36massets/js/FormOutlined-C01sO8dk.js                 [39m[1m[2m    0.97 kB[22m[1m[22m[2m Ôöé gzip:   0.64 kB[22m
[2mdist/[22m[36massets/js/PercentageOutlined-DqWZfRE5.js           [39m[1m[2m    0.97 kB[22m[1m[22m[2m Ôöé gzip:   0.57 kB[22m
[2mdist/[22m[36massets/js/BarChartOutlined-B6OwQzQI.js             [39m[1m[2m    0.98 kB[22m[1m[22m[2m Ôöé gzip:   0.51 kB[22m
[2mdist/[22m[36massets/js/BgColorsOutlined-BWRsEWfW.js             [39m[1m[2m    0.98 kB[22m[1m[22m[2m Ôöé gzip:   0.64 kB[22m
[2mdist/[22m[36massets/js/CalendarIcon-DWQ6qnl0.js                 [39m[1m[2m    0.98 kB[22m[1m[22m[2m Ôöé gzip:   0.58 kB[22m
[2mdist/[22m[36massets/js/index-CU4igxQf.js                        [39m[1m[2m    0.98 kB[22m[1m[22m[2m Ôöé gzip:   0.55 kB[22m
[2mdist/[22m[36massets/js/StarOutlined-DZ0uc8BA.js                 [39m[1m[2m    0.98 kB[22m[1m[22m[2m Ôöé gzip:   0.66 kB[22m
[2mdist/[22m[36massets/js/managerCommissionApi-CtHK5H76.js         [39m[1m[2m    0.99 kB[22m[1m[22m[2m Ôöé gzip:   0.47 kB[22m
[2mdist/[22m[36massets/js/CameraOutlined-B4z27dpH.js               [39m[1m[2m    0.99 kB[22m[1m[22m[2m Ôöé gzip:   0.64 kB[22m
[2mdist/[22m[36massets/js/quickLinksService-Dufj46Rf.js            [39m[1m[2m    1.00 kB[22m[1m[22m[2m Ôöé gzip:   0.40 kB[22m
[2mdist/[22m[36massets/js/CrownOutlined-BZOt2e7H.js                [39m[1m[2m    1.01 kB[22m[1m[22m[2m Ôöé gzip:   0.66 kB[22m
[2mdist/[22m[36massets/js/requestThrottle-B5VyteCm.js              [39m[1m[2m    1.02 kB[22m[1m[22m[2m Ôöé gzip:   0.47 kB[22m
[2mdist/[22m[36massets/js/TagsOutlined-Dqo4npHQ.js                 [39m[1m[2m    1.02 kB[22m[1m[22m[2m Ôöé gzip:   0.65 kB[22m
[2mdist/[22m[36massets/js/AppstoreOutlined-BSl7Ycu0.js             [39m[1m[2m    1.02 kB[22m[1m[22m[2m Ôöé gzip:   0.50 kB[22m
[2mdist/[22m[36massets/js/SafetyCertificateOutlined-DN1mkyL8.js    [39m[1m[2m    1.02 kB[22m[1m[22m[2m Ôöé gzip:   0.69 kB[22m
[2mdist/[22m[36massets/js/ExperimentOutlined-DBr_2B_v.js           [39m[1m[2m    1.03 kB[22m[1m[22m[2m Ôöé gzip:   0.69 kB[22m
[2mdist/[22m[36massets/js/InboxOutlined-DB5dtexC.js                [39m[1m[2m    1.04 kB[22m[1m[22m[2m Ôöé gzip:   0.70 kB[22m
[2mdist/[22m[36massets/js/TrophyOutlined-BIJr3hEn.js               [39m[1m[2m    1.07 kB[22m[1m[22m[2m Ôöé gzip:   0.70 kB[22m
[2mdist/[22m[36massets/js/GiftIcon-KOe3nBPl.js                     [39m[1m[2m    1.07 kB[22m[1m[22m[2m Ôöé gzip:   0.63 kB[22m
[2mdist/[22m[36massets/js/CloudOutlined-aczJjUM5.js                [39m[1m[2m    1.10 kB[22m[1m[22m[2m Ôöé gzip:   0.72 kB[22m
[2mdist/[22m[36massets/js/pricing-CIOmhQLj.js                      [39m[1m[2m    1.11 kB[22m[1m[22m[2m Ôöé gzip:   0.54 kB[22m
[2mdist/[22m[36massets/js/ToolOutlined-CjxwV8C6.js                 [39m[1m[2m    1.11 kB[22m[1m[22m[2m Ôöé gzip:   0.72 kB[22m
[2mdist/[22m[36massets/js/HeartFilled-BihxKKjG.js                  [39m[1m[2m    1.12 kB[22m[1m[22m[2m Ôöé gzip:   0.71 kB[22m
[2mdist/[22m[36massets/js/StarIcon-DVC1Uzmv.js                     [39m[1m[2m    1.12 kB[22m[1m[22m[2m Ôöé gzip:   0.66 kB[22m
[2mdist/[22m[36massets/js/CoffeeOutlined-sbOormwx.js               [39m[1m[2m    1.13 kB[22m[1m[22m[2m Ôöé gzip:   0.64 kB[22m
[2mdist/[22m[36massets/js/ShareAltOutlined-DfSot4aV.js             [39m[1m[2m    1.14 kB[22m[1m[22m[2m Ôöé gzip:   0.69 kB[22m
[2mdist/[22m[36massets/js/AppstoreAddOutlined-BRAZPX35.js          [39m[1m[2m    1.14 kB[22m[1m[22m[2m Ôöé gzip:   0.59 kB[22m
[2mdist/[22m[36massets/js/ShopCategoryPage-DQbfU5AT.js             [39m[1m[2m    1.15 kB[22m[1m[22m[2m Ôöé gzip:   0.59 kB[22m
[2mdist/[22m[36massets/js/CheckSquareOutlined-eaauWSjk.js          [39m[1m[2m    1.18 kB[22m[1m[22m[2m Ôöé gzip:   0.64 kB[22m
[2mdist/[22m[36massets/js/UndoOutlined-u6o7U2tf.js                 [39m[1m[2m    1.18 kB[22m[1m[22m[2m Ôöé gzip:   0.74 kB[22m
[2mdist/[22m[36massets/js/LinkOutlined-Bbp61A7j.js                 [39m[1m[2m    1.20 kB[22m[1m[22m[2m Ôöé gzip:   0.64 kB[22m
[2mdist/[22m[36massets/js/InstructorDashboardFallback-BbJShXk0.js  [39m[1m[2m    1.21 kB[22m[1m[22m[2m Ôöé gzip:   0.63 kB[22m
[2mdist/[22m[36massets/js/WifiOutlined-XRwmjNfC.js                 [39m[1m[2m    1.23 kB[22m[1m[22m[2m Ôöé gzip:   0.75 kB[22m
[2mdist/[22m[36massets/js/SyncOutlined-D0REThAk.js                 [39m[1m[2m    1.24 kB[22m[1m[22m[2m Ôöé gzip:   0.79 kB[22m
[2mdist/[22m[36massets/js/UserGroupIcon-D5-upy2g.js                [39m[1m[2m    1.27 kB[22m[1m[22m[2m Ôöé gzip:   0.73 kB[22m
[2mdist/[22m[36massets/js/relativeTime-C3pOrsnD.js                 [39m[1m[2m    1.27 kB[22m[1m[22m[2m Ôöé gzip:   0.70 kB[22m
[2mdist/[22m[36massets/js/ScheduleOutlined-IbrulWVi.js             [39m[1m[2m    1.29 kB[22m[1m[22m[2m Ôöé gzip:   0.68 kB[22m
[2mdist/[22m[36massets/js/UserDeleteOutlined-Dli5So0P.js           [39m[1m[2m    1.29 kB[22m[1m[22m[2m Ôöé gzip:   0.81 kB[22m
[2mdist/[22m[36massets/js/CarOutlined-CehGitzW.js                  [39m[1m[2m    1.29 kB[22m[1m[22m[2m Ôöé gzip:   0.80 kB[22m
[2mdist/[22m[36massets/js/usersService-DcfkeZ7c.js                 [39m[1m[2m    1.29 kB[22m[1m[22m[2m Ôöé gzip:   0.42 kB[22m
[2mdist/[22m[36massets/js/SmileOutlined-F_VNNbmY.js                [39m[1m[2m    1.29 kB[22m[1m[22m[2m Ôöé gzip:   0.76 kB[22m
[2mdist/[22m[36massets/js/HeartOutlined-Bx0f0H9f.js                [39m[1m[2m    1.30 kB[22m[1m[22m[2m Ôöé gzip:   0.81 kB[22m
[2mdist/[22m[36massets/js/DollarCircleOutlined-Bn4l5Bsp.js         [39m[1m[2m    1.34 kB[22m[1m[22m[2m Ôöé gzip:   0.84 kB[22m
[2mdist/[22m[36massets/js/ShoppingCartOutlined-C6QYU55c.js         [39m[1m[2m    1.35 kB[22m[1m[22m[2m Ôöé gzip:   0.73 kB[22m
[2mdist/[22m[36massets/js/FileDoneOutlined-fb63FyFb.js             [39m[1m[2m    1.35 kB[22m[1m[22m[2m Ôöé gzip:   0.79 kB[22m
[2mdist/[22m[36massets/js/useStudentDashboard-CL8YOjWc.js          [39m[1m[2m    1.35 kB[22m[1m[22m[2m Ôöé gzip:   0.63 kB[22m
[2mdist/[22m[36massets/js/HistoryOutlined-B8gmaUpP.js              [39m[1m[2m    1.37 kB[22m[1m[22m[2m Ôöé gzip:   0.85 kB[22m
[2mdist/[22m[36massets/js/UserAddOutlined-DgGwR_28.js              [39m[1m[2m    1.38 kB[22m[1m[22m[2m Ôöé gzip:   0.83 kB[22m
[2mdist/[22m[36massets/js/ExperienceWingPackagesPage-DgJhJbX-.js   [39m[1m[2m    1.40 kB[22m[1m[22m[2m Ôöé gzip:   0.72 kB[22m
[2mdist/[22m[36massets/js/ExperienceKitePackagesPage-dvRxyR9q.js   [39m[1m[2m    1.41 kB[22m[1m[22m[2m Ôöé gzip:   0.72 kB[22m
[2mdist/[22m[36massets/js/MessageOutlined-CCj8D61-.js              [39m[1m[2m    1.42 kB[22m[1m[22m[2m Ôöé gzip:   0.84 kB[22m
[2mdist/[22m[36massets/js/ExperienceCampsPage-g3JaeZJp.js          [39m[1m[2m    1.43 kB[22m[1m[22m[2m Ôöé gzip:   0.74 kB[22m
[2mdist/[22m[36massets/js/ExperienceDownwindersPage-C47IuXxH.js    [39m[1m[2m    1.45 kB[22m[1m[22m[2m Ôöé gzip:   0.73 kB[22m
[2mdist/[22m[36massets/js/RocketOutlined-B0zuxheO.js               [39m[1m[2m    1.46 kB[22m[1m[22m[2m Ôöé gzip:   0.91 kB[22m
[2mdist/[22m[36massets/js/formatters-DOptkDgh.js                   [39m[1m[2m    1.51 kB[22m[1m[22m[2m Ôöé gzip:   0.76 kB[22m
[2mdist/[22m[36massets/js/FieldTimeOutlined-BENy5F9b.js            [39m[1m[2m    1.54 kB[22m[1m[22m[2m Ôöé gzip:   0.87 kB[22m
[2mdist/[22m[36massets/js/ShopOutlined-D-QnCTx9.js                 [39m[1m[2m    1.55 kB[22m[1m[22m[2m Ôöé gzip:   0.87 kB[22m
[2mdist/[22m[36massets/js/FilePdfOutlined-CeCOK6PB.js              [39m[1m[2m    1.58 kB[22m[1m[22m[2m Ôöé gzip:   0.97 kB[22m
[2mdist/[22m[36massets/js/FireOutlined-DAD7X4eY.js                 [39m[1m[2m    1.62 kB[22m[1m[22m[2m Ôöé gzip:   0.98 kB[22m
[2mdist/[22m[36massets/js/serviceApi-CGu8XpOe.js                   [39m[1m[2m    1.62 kB[22m[1m[22m[2m Ôöé gzip:   0.57 kB[22m
[2mdist/[22m[36massets/js/InstagramOutlined-qLdDHIz2.js            [39m[1m[2m    1.75 kB[22m[1m[22m[2m Ôöé gzip:   0.92 kB[22m
[2mdist/[22m[36massets/js/TeamOutlined-2yK-H5n7.js                 [39m[1m[2m    1.77 kB[22m[1m[22m[2m Ôöé gzip:   1.01 kB[22m
[2mdist/[22m[36massets/js/SelectOutlined-Bd6yrmDc.js               [39m[1m[2m    1.77 kB[22m[1m[22m[2m Ôöé gzip:   0.85 kB[22m
[2mdist/[22m[36massets/js/UserFormPage-0MtJi0o6.js                 [39m[1m[2m    1.78 kB[22m[1m[22m[2m Ôöé gzip:   0.91 kB[22m
[2mdist/[22m[36massets/js/StayHomePage-B46stbeP.js                 [39m[1m[2m    1.79 kB[22m[1m[22m[2m Ôöé gzip:   0.87 kB[22m
[2mdist/[22m[36massets/js/UnifiedTable-BkeZ3PQx.js                 [39m[1m[2m    1.80 kB[22m[1m[22m[2m Ôöé gzip:   0.90 kB[22m
[2mdist/[22m[36massets/js/StayHotelPage-C-1JXkbE.js                [39m[1m[2m    1.80 kB[22m[1m[22m[2m Ôöé gzip:   0.87 kB[22m
[2mdist/[22m[36massets/js/UsergroupAddOutlined-BDgs11zI.js         [39m[1m[2m    1.81 kB[22m[1m[22m[2m Ôöé gzip:   1.02 kB[22m
[2mdist/[22m[36massets/js/UserProfilePage-CLO7vVig.js              [39m[1m[2m    1.81 kB[22m[1m[22m[2m Ôöé gzip:   0.94 kB[22m
[2mdist/[22m[36massets/js/LikeFilled-Dpi31zNA.js                   [39m[1m[2m    1.83 kB[22m[1m[22m[2m Ôöé gzip:   0.88 kB[22m
[2mdist/[22m[36massets/js/groupBookingService-BpnnvI9O.js          [39m[1m[2m    1.84 kB[22m[1m[22m[2m Ôöé gzip:   0.65 kB[22m
[2mdist/[22m[36massets/js/KiteLessonsPublicPage-DNOX7ay4.js        [39m[1m[2m    1.87 kB[22m[1m[22m[2m Ôöé gzip:   0.93 kB[22m
[2mdist/[22m[36massets/js/WhatsAppOutlined-DhnQ1_6D.js             [39m[1m[2m    1.88 kB[22m[1m[22m[2m Ôöé gzip:   1.07 kB[22m
[2mdist/[22m[36massets/js/index-CvI-OYul.js                        [39m[1m[2m    1.98 kB[22m[1m[22m[2m Ôöé gzip:   0.95 kB[22m
[2mdist/[22m[36massets/js/calendarApi-wKIKn1k5.js                  [39m[1m[2m    1.99 kB[22m[1m[22m[2m Ôöé gzip:   0.92 kB[22m
[2mdist/[22m[36massets/js/index-DoqYsMGk.js                        [39m[1m[2m    2.08 kB[22m[1m[22m[2m Ôöé gzip:   0.94 kB[22m
[2mdist/[22m[36massets/js/SkinOutlined-CweZBgW7.js                 [39m[1m[2m    2.21 kB[22m[1m[22m[2m Ôöé gzip:   1.08 kB[22m
[2mdist/[22m[36massets/js/studentPortalApi-BnvZtKju.js             [39m[1m[2m    2.23 kB[22m[1m[22m[2m Ôöé gzip:   0.61 kB[22m
[2mdist/[22m[36massets/js/productApi-YqbsfUqV.js                   [39m[1m[2m    2.24 kB[22m[1m[22m[2m Ôöé gzip:   0.80 kB[22m
[2mdist/[22m[36massets/js/accommodationApi-DadwilEa.js             [39m[1m[2m    2.25 kB[22m[1m[22m[2m Ôöé gzip:   0.62 kB[22m
[2mdist/[22m[36massets/js/CloudDownloadOutlined-CGvJkXLg.js        [39m[1m[2m    2.31 kB[22m[1m[22m[2m Ôöé gzip:   1.10 kB[22m
[2mdist/[22m[36massets/js/SettingOutlined-2CzMiHjg.js              [39m[1m[2m    2.32 kB[22m[1m[22m[2m Ôöé gzip:   1.19 kB[22m
[2mdist/[22m[36massets/js/index-D0CqUca2.js                        [39m[1m[2m    2.34 kB[22m[1m[22m[2m Ôöé gzip:   1.09 kB[22m
[2mdist/[22m[36massets/js/FileWordOutlined-BMiRvEWj.js             [39m[1m[2m    2.35 kB[22m[1m[22m[2m Ôöé gzip:   0.94 kB[22m
[2mdist/[22m[36massets/js/FileProtectOutlined-BTaHg6bu.js          [39m[1m[2m    2.44 kB[22m[1m[22m[2m Ôöé gzip:   1.04 kB[22m
[2mdist/[22m[36massets/js/ViewColumnsIcon-BndfrMzV.js              [39m[1m[2m    2.59 kB[22m[1m[22m[2m Ôöé gzip:   0.82 kB[22m
[2mdist/[22m[36massets/js/RentalDlabShowcasePage-DnQyEvPD.js       [39m[1m[2m    2.67 kB[22m[1m[22m[2m Ôöé gzip:   1.35 kB[22m
[2mdist/[22m[36massets/js/parseISO-D6BUcs84.js                     [39m[1m[2m    2.68 kB[22m[1m[22m[2m Ôöé gzip:   1.20 kB[22m
[2mdist/[22m[36massets/js/RentalEFoilShowcasePage-zF25lWqA.js      [39m[1m[2m    2.78 kB[22m[1m[22m[2m Ôöé gzip:   1.37 kB[22m
[2mdist/[22m[36massets/js/PublicHome-DZWE7aAC.js                   [39m[1m[2m    2.89 kB[22m[1m[22m[2m Ôöé gzip:   1.15 kB[22m
[2mdist/[22m[36massets/js/OutsiderPackagesPage-CdY5BhEd.js         [39m[1m[2m    3.13 kB[22m[1m[22m[2m Ôöé gzip:   1.41 kB[22m
[2mdist/[22m[36massets/js/CalendarViewSwitcher-BKEAx45e.js         [39m[1m[2m    3.33 kB[22m[1m[22m[2m Ôöé gzip:   1.39 kB[22m
[2mdist/[22m[36massets/js/GlobalOutlined-BIyQpkTy.js               [39m[1m[2m    3.36 kB[22m[1m[22m[2m Ôöé gzip:   1.70 kB[22m
[2mdist/[22m[36massets/js/PlusCircleOutlined-DFeJLmce.js           [39m[1m[2m    3.37 kB[22m[1m[22m[2m Ôöé gzip:   1.14 kB[22m
[2mdist/[22m[36massets/js/CustomerShopHistory-DZAcvGsi.js          [39m[1m[2m    3.38 kB[22m[1m[22m[2m Ôöé gzip:   1.57 kB[22m
[2mdist/[22m[36massets/js/RentalSlsShowcasePage-Dno48p_i.js        [39m[1m[2m    3.50 kB[22m[1m[22m[2m Ôöé gzip:   1.53 kB[22m
[2mdist/[22m[36massets/js/PlusSquareOutlined-BIqZ7Gj9.js           [39m[1m[2m    3.61 kB[22m[1m[22m[2m Ôöé gzip:   1.00 kB[22m
[2mdist/[22m[36massets/js/VideoCameraOutlined-CoRbmRXi.js          [39m[1m[2m    3.63 kB[22m[1m[22m[2m Ôöé gzip:   1.20 kB[22m
[2mdist/[22m[36massets/js/FloatingActionLauncher-phjyHC4P.js       [39m[1m[2m    3.69 kB[22m[1m[22m[2m Ôöé gzip:   1.46 kB[22m
[2mdist/[22m[36massets/js/familyApi-EwqfxWo1.js                    [39m[1m[2m    3.76 kB[22m[1m[22m[2m Ôöé gzip:   1.34 kB[22m
[2mdist/[22m[36massets/js/formService-DOrHUpFO.js                  [39m[1m[2m    3.88 kB[22m[1m[22m[2m Ôöé gzip:   1.02 kB[22m
[2mdist/[22m[36massets/js/QuickRentalModal-BxChV8rv.js             [39m[1m[2m    3.94 kB[22m[1m[22m[2m Ôöé gzip:   1.81 kB[22m
[2mdist/[22m[36massets/js/WaiverModal-cNmHSpSZ.js                  [39m[1m[2m    3.98 kB[22m[1m[22m[2m Ôöé gzip:   1.42 kB[22m
[2mdist/[22m[36massets/js/QuickCustomerModal-DRkT6WmS.js           [39m[1m[2m    4.00 kB[22m[1m[22m[2m Ôöé gzip:   1.64 kB[22m
[2mdist/[22m[36massets/js/NotificationCenter-C9ZQkbH4.js           [39m[1m[2m    4.02 kB[22m[1m[22m[2m Ôöé gzip:   1.76 kB[22m
[2mdist/[22m[36massets/js/ExperienceLandingPage-B6eL2f3z.js        [39m[1m[2m    4.25 kB[22m[1m[22m[2m Ôöé gzip:   1.71 kB[22m
[2mdist/[22m[36massets/js/index-BmlMQNRI.js                        [39m[1m[2m    4.27 kB[22m[1m[22m[2m Ôöé gzip:   1.71 kB[22m
[2mdist/[22m[36massets/js/FormSuccessPage-CLRA4vKr.js              [39m[1m[2m    4.27 kB[22m[1m[22m[2m Ôöé gzip:   1.85 kB[22m
[2mdist/[22m[36massets/js/ResponsiveTableV2-BjKYSuTL.js            [39m[1m[2m    4.29 kB[22m[1m[22m[2m Ôöé gzip:   1.86 kB[22m
[2mdist/[22m[36massets/js/RentalPremiumShowcasePage-B0FBMiUT.js    [39m[1m[2m    4.31 kB[22m[1m[22m[2m Ôöé gzip:   1.75 kB[22m
[2mdist/[22m[36massets/js/financialAnalytics-Kw1pq9ix.js           [39m[1m[2m    4.46 kB[22m[1m[22m[2m Ôöé gzip:   1.62 kB[22m
[2mdist/[22m[36massets/js/MultiCurrencyPriceInput-CfoVdyYC.js      [39m[1m[2m    4.48 kB[22m[1m[22m[2m Ôöé gzip:   1.60 kB[22m
[2mdist/[22m[36massets/js/index-CM2aJ0V6.js                        [39m[1m[2m    4.55 kB[22m[1m[22m[2m Ôöé gzip:   1.91 kB[22m
[2mdist/[22m[36massets/js/GuestLandingPage-CSUKkic8.js             [39m[1m[2m    4.93 kB[22m[1m[22m[2m Ôöé gzip:   1.92 kB[22m
[2mdist/[22m[36massets/js/ContactPage-Cnc557KI.js                  [39m[1m[2m    4.96 kB[22m[1m[22m[2m Ôöé gzip:   1.76 kB[22m
[2mdist/[22m[36massets/js/QuickMembershipModal-CuOq3chv.js         [39m[1m[2m    5.01 kB[22m[1m[22m[2m Ôöé gzip:   1.98 kB[22m
[2mdist/[22m[36massets/js/PremiumLessonsPage-B-lKlQtZ.js           [39m[1m[2m    5.03 kB[22m[1m[22m[2m Ôöé gzip:   2.03 kB[22m
[2mdist/[22m[36massets/js/RentalStandardShowcasePage-BSHNYqvo.js   [39m[1m[2m    5.04 kB[22m[1m[22m[2m Ôöé gzip:   1.91 kB[22m
[2mdist/[22m[36massets/js/StudentMyRentalsPage-fhCpwzVr.js         [39m[1m[2m    5.06 kB[22m[1m[22m[2m Ôöé gzip:   1.91 kB[22m
[2mdist/[22m[36massets/js/QuickShopSaleModal-D7F2BTPq.js           [39m[1m[2m    5.21 kB[22m[1m[22m[2m Ôöé gzip:   2.18 kB[22m
[2mdist/[22m[36massets/js/MyStudents-BRoTmQBJ.js                   [39m[1m[2m    5.29 kB[22m[1m[22m[2m Ôöé gzip:   1.81 kB[22m
[2mdist/[22m[36massets/js/WingLessonsPage-Ba95bPJX.js              [39m[1m[2m    5.53 kB[22m[1m[22m[2m Ôöé gzip:   2.17 kB[22m
[2mdist/[22m[36massets/js/MemberPurchasesSection-DhKyY1zs.js       [39m[1m[2m    5.62 kB[22m[1m[22m[2m Ôöé gzip:   1.98 kB[22m
[2mdist/[22m[36massets/js/EFoilLessonsPage-Cr0x22Tf.js             [39m[1m[2m    5.62 kB[22m[1m[22m[2m Ôöé gzip:   2.18 kB[22m
[2mdist/[22m[36massets/js/FoilLessonsPage-BDOWN8zw.js              [39m[1m[2m    5.68 kB[22m[1m[22m[2m Ôöé gzip:   2.19 kB[22m
[2mdist/[22m[36massets/js/StayLandingPage-BXmIFQwF.js              [39m[1m[2m    5.69 kB[22m[1m[22m[2m Ôöé gzip:   1.98 kB[22m
[2mdist/[22m[36massets/js/RentalDetailModal-CeUwbmce.js            [39m[1m[2m    5.81 kB[22m[1m[22m[2m Ôöé gzip:   2.04 kB[22m
[2mdist/[22m[36massets/js/QuickAccommodationModal-DUwQBdt6.js      [39m[1m[2m    5.85 kB[22m[1m[22m[2m Ôöé gzip:   2.36 kB[22m
[2mdist/[22m[36massets/js/IyzicoPaymentModal-Cjohtpq9.js           [39m[1m[2m    5.95 kB[22m[1m[22m[2m Ôöé gzip:   1.96 kB[22m
[2mdist/[22m[36massets/js/FormAnalyticsPage-CByfnqtH.js            [39m[1m[2m    5.96 kB[22m[1m[22m[2m Ôöé gzip:   2.19 kB[22m
[2mdist/[22m[36massets/js/GroupLessonRequestPage-Di8v2SM8.js       [39m[1m[2m    6.21 kB[22m[1m[22m[2m Ôöé gzip:   2.48 kB[22m
[2mdist/[22m[36massets/js/fieldTypes-DOwAllJZ.js                   [39m[1m[2m    6.25 kB[22m[1m[22m[2m Ôöé gzip:   2.12 kB[22m
[2mdist/[22m[36massets/js/PaymentCallback-DF4tBiGL.js              [39m[1m[2m    6.33 kB[22m[1m[22m[2m Ôöé gzip:   1.28 kB[22m
[2mdist/[22m[36massets/js/TeamPage-DFuiPXD4.js                     [39m[1m[2m    6.35 kB[22m[1m[22m[2m Ôöé gzip:   2.57 kB[22m
[2mdist/[22m[36massets/js/index-B-pcHWA3.js                        [39m[1m[2m    6.45 kB[22m[1m[22m[2m Ôöé gzip:   2.88 kB[22m
[2mdist/[22m[36massets/js/TransactionDetailModal-Du9vTobe.js       [39m[1m[2m    6.45 kB[22m[1m[22m[2m Ôöé gzip:   2.36 kB[22m
[2mdist/[22m[36massets/js/StudentSupport-CaV5v_-O.js               [39m[1m[2m    6.67 kB[22m[1m[22m[2m Ôöé gzip:   2.49 kB[22m
[2mdist/[22m[36massets/js/YoutubeOutlined-C0llN87S.js              [39m[1m[2m    6.91 kB[22m[1m[22m[2m Ôöé gzip:   2.91 kB[22m
[2mdist/[22m[36massets/js/ManagerCommissionSettings-CkIsnWXT.js    [39m[1m[2m    7.00 kB[22m[1m[22m[2m Ôöé gzip:   2.43 kB[22m
[2mdist/[22m[36massets/js/GroupInvitationPage-BqT8zcRK.js          [39m[1m[2m    7.03 kB[22m[1m[22m[2m Ôöé gzip:   2.58 kB[22m
[2mdist/[22m[36massets/js/SparePartsOrders-C6---EJC.js             [39m[1m[2m    7.06 kB[22m[1m[22m[2m Ôöé gzip:   2.69 kB[22m
[2mdist/[22m[36massets/js/InstructorFormPage-CQ1QpL4J.js           [39m[1m[2m    7.09 kB[22m[1m[22m[2m Ôöé gzip:   2.63 kB[22m
[2mdist/[22m[36massets/js/FinanceAccommodation-yjNPMsHO.js         [39m[1m[2m    7.23 kB[22m[1m[22m[2m Ôöé gzip:   2.72 kB[22m
[2mdist/[22m[36massets/js/RentalsCalendarView-DVtmdVVz.js          [39m[1m[2m    7.25 kB[22m[1m[22m[2m Ôöé gzip:   2.66 kB[22m
[2mdist/[22m[36massets/js/PublicFormLayout-BkQJuSSt.js             [39m[1m[2m    7.33 kB[22m[1m[22m[2m Ôöé gzip:   2.45 kB[22m
[2mdist/[22m[36massets/js/Timeline-m1sej4mY.js                     [39m[1m[2m    7.45 kB[22m[1m[22m[2m Ôöé gzip:   2.29 kB[22m
[2mdist/[22m[36massets/js/EventsPage-BT5zQfa1.js                   [39m[1m[2m    7.46 kB[22m[1m[22m[2m Ôöé gzip:   2.71 kB[22m
[2mdist/[22m[36massets/js/BankAccountsAdmin-uo1R_A3C.js            [39m[1m[2m    7.65 kB[22m[1m[22m[2m Ôöé gzip:   2.86 kB[22m
[2mdist/[22m[36massets/js/PopupTemplates-sASi3SwS.js               [39m[1m[2m    7.80 kB[22m[1m[22m[2m Ôöé gzip:   2.81 kB[22m
[2mdist/[22m[36massets/js/FinanceShop-WYH7gAN-.js                  [39m[1m[2m    7.82 kB[22m[1m[22m[2m Ôöé gzip:   2.98 kB[22m
[2mdist/[22m[36massets/js/StayBookingPage-BvsriBxS.js              [39m[1m[2m    7.83 kB[22m[1m[22m[2m Ôöé gzip:   2.73 kB[22m
[2mdist/[22m[36massets/js/Categories-B8bVAnqw.js                   [39m[1m[2m    8.38 kB[22m[1m[22m[2m Ôöé gzip:   3.21 kB[22m
[2mdist/[22m[36massets/js/BookingDetailModal-DXPuyTeE.js           [39m[1m[2m    8.40 kB[22m[1m[22m[2m Ôöé gzip:   2.90 kB[22m
[2mdist/[22m[36massets/js/PaymentRefunds-Bkw3bbX8.js               [39m[1m[2m    8.52 kB[22m[1m[22m[2m Ôöé gzip:   2.89 kB[22m
[2mdist/[22m[36massets/js/StudentMyAccommodationPage-oVaD3-jo.js   [39m[1m[2m    8.57 kB[22m[1m[22m[2m Ôöé gzip:   2.85 kB[22m
[2mdist/[22m[36massets/js/CustomerDeleteModal-BvjFQ5aS.js          [39m[1m[2m    8.66 kB[22m[1m[22m[2m Ôöé gzip:   3.02 kB[22m
[2mdist/[22m[36massets/js/FamilyMemberActivity-CYLcloZu.js         [39m[1m[2m    8.72 kB[22m[1m[22m[2m Ôöé gzip:   3.27 kB[22m
[2mdist/[22m[36massets/js/FinanceEvents-BpeSmw9Y.js                [39m[1m[2m    8.93 kB[22m[1m[22m[2m Ôöé gzip:   2.93 kB[22m
[2mdist/[22m[36massets/js/FamilyMemberModal-BZmb0zTP.js            [39m[1m[2m    9.20 kB[22m[1m[22m[2m Ôöé gzip:   3.46 kB[22m
[2mdist/[22m[36massets/js/RentalLandingPage-BzJYbaFs.js            [39m[1m[2m    9.26 kB[22m[1m[22m[2m Ôöé gzip:   2.21 kB[22m
[2mdist/[22m[36massets/js/financialService-Baxr4gUX.js             [39m[1m[2m    9.38 kB[22m[1m[22m[2m Ôöé gzip:   2.87 kB[22m
[2mdist/[22m[36massets/js/SupportTicketsPage-DtQJykZn.js           [39m[1m[2m    9.39 kB[22m[1m[22m[2m Ôöé gzip:   3.23 kB[22m
[2mdist/[22m[36massets/js/FinanceSettingsView-Cang4dVp.js          [39m[1m[2m    9.54 kB[22m[1m[22m[2m Ôöé gzip:   3.14 kB[22m
[2mdist/[22m[36massets/js/StudentGroupBookingsPage-BRze28_J.js     [39m[1m[2m    9.89 kB[22m[1m[22m[2m Ôöé gzip:   3.41 kB[22m
[2mdist/[22m[36massets/js/ShopLandingPage-Cw9o6zNL.js              [39m[1m[2m    9.95 kB[22m[1m[22m[2m Ôöé gzip:   3.67 kB[22m
[2mdist/[22m[36massets/js/index-K9zJ5U7i.js                        [39m[1m[2m   10.02 kB[22m[1m[22m[2m Ôöé gzip:   2.99 kB[22m
[2mdist/[22m[36massets/js/ManagerDashboard-ClueGB8Y.js             [39m[1m[2m   10.02 kB[22m[1m[22m[2m Ôöé gzip:   3.14 kB[22m
[2mdist/[22m[36massets/js/StudentPayments-BKHj6LWL.js              [39m[1m[2m   10.33 kB[22m[1m[22m[2m Ôöé gzip:   3.85 kB[22m
[2mdist/[22m[36massets/js/ExpensesPage-DyPk9MJs.js                 [39m[1m[2m   10.58 kB[22m[1m[22m[2m Ôöé gzip:   3.86 kB[22m
[2mdist/[22m[36massets/js/FinanceLessons-Br5ClzGb.js               [39m[1m[2m   10.68 kB[22m[1m[22m[2m Ôöé gzip:   3.44 kB[22m
[2mdist/[22m[36massets/js/GroupBookingCreatePage-DWWsZzX9.js       [39m[1m[2m   10.72 kB[22m[1m[22m[2m Ôöé gzip:   3.74 kB[22m
[2mdist/[22m[36massets/js/Area-ix3Cv6a6.js                         [39m[1m[2m   10.73 kB[22m[1m[22m[2m Ôöé gzip:   3.89 kB[22m
[2mdist/[22m[36massets/js/index-Bo7PbRWz.js                        [39m[1m[2m   10.76 kB[22m[1m[22m[2m Ôöé gzip:   3.84 kB[22m
[2mdist/[22m[36massets/js/DailyOperationsPage-BXh5zYUP.js          [39m[1m[2m   10.76 kB[22m[1m[22m[2m Ôöé gzip:   3.48 kB[22m
[2mdist/[22m[36massets/js/index-C-IRX0TM.js                        [39m[1m[2m   10.76 kB[22m[1m[22m[2m Ôöé gzip:   3.62 kB[22m
[2mdist/[22m[36massets/js/index-2TbNC-2h.js                        [39m[1m[2m   10.78 kB[22m[1m[22m[2m Ôöé gzip:   3.83 kB[22m
[2mdist/[22m[36massets/js/FormsListPage-SoBgr2Xq.js                [39m[1m[2m   10.88 kB[22m[1m[22m[2m Ôöé gzip:   3.52 kB[22m
[2mdist/[22m[36massets/js/Line-ZdpmcjgV.js                         [39m[1m[2m   10.90 kB[22m[1m[22m[2m Ôöé gzip:   4.08 kB[22m
[2mdist/[22m[36massets/js/ExperienceBookPackagePage-J8tBce39.js    [39m[1m[2m   10.97 kB[22m[1m[22m[2m Ôöé gzip:   4.18 kB[22m
[2mdist/[22m[36massets/js/TransactionHistory-Dvx61X1A.js           [39m[1m[2m   11.08 kB[22m[1m[22m[2m Ôöé gzip:   3.61 kB[22m
[2mdist/[22m[36massets/js/FinanceRentals-BsJlDIyM.js               [39m[1m[2m   11.08 kB[22m[1m[22m[2m Ôöé gzip:   3.57 kB[22m
[2mdist/[22m[36massets/js/MobileCardRenderers-DpnWM7sv.js          [39m[1m[2m   11.20 kB[22m[1m[22m[2m Ôöé gzip:   2.81 kB[22m
[2mdist/[22m[36massets/js/AccommodationAdminPage-ClwzC4XU.js       [39m[1m[2m   11.22 kB[22m[1m[22m[2m Ôöé gzip:   3.66 kB[22m
[2mdist/[22m[36massets/js/StudentBookEquipmentPage-FWJGRvEJ.js     [39m[1m[2m   11.22 kB[22m[1m[22m[2m Ôöé gzip:   3.88 kB[22m
[2mdist/[22m[36massets/js/FinanceMembership-t_jmCpH4.js            [39m[1m[2m   11.35 kB[22m[1m[22m[2m Ôöé gzip:   3.42 kB[22m
[2mdist/[22m[36massets/js/LessonsCalendar-23xDtD6Z.js              [39m[1m[2m   11.66 kB[22m[1m[22m[2m Ôöé gzip:   4.49 kB[22m
[2mdist/[22m[36massets/js/StudentLayout-_h8fK9eB.js                [39m[1m[2m   11.73 kB[22m[1m[22m[2m Ôöé gzip:   4.58 kB[22m
[2mdist/[22m[36massets/js/PublicFormPage-BxjUgUFh.js               [39m[1m[2m   11.86 kB[22m[1m[22m[2m Ôöé gzip:   4.52 kB[22m
[2mdist/[22m[36massets/js/AdminMembersPage-CJGZrpvI.js             [39m[1m[2m   11.86 kB[22m[1m[22m[2m Ôöé gzip:   3.75 kB[22m
[2mdist/[22m[36massets/js/EventsCalendar-CvX_W1Dx.js               [39m[1m[2m   12.06 kB[22m[1m[22m[2m Ôöé gzip:   4.25 kB[22m
[2mdist/[22m[36massets/js/isEqual-Menhf7TN.js                      [39m[1m[2m   12.11 kB[22m[1m[22m[2m Ôöé gzip:   4.51 kB[22m
[2mdist/[22m[36massets/js/format-BtGCr5Uw.js                       [39m[1m[2m   12.95 kB[22m[1m[22m[2m Ôöé gzip:   3.56 kB[22m
[2mdist/[22m[36massets/js/index-Cmuma2-B.js                        [39m[1m[2m   13.14 kB[22m[1m[22m[2m Ôöé gzip:   4.93 kB[22m
[2mdist/[22m[36massets/js/WalletDepositsAdmin-D-S-CUNs.js          [39m[1m[2m   13.28 kB[22m[1m[22m[2m Ôöé gzip:   4.56 kB[22m
[2mdist/[22m[36massets/js/BookingEditPage-DOoBt9UG.js              [39m[1m[2m   13.74 kB[22m[1m[22m[2m Ôöé gzip:   4.28 kB[22m
[2mdist/[22m[36massets/js/AccommodationBookingPage-CVV7kb5P.js     [39m[1m[2m   13.85 kB[22m[1m[22m[2m Ôöé gzip:   4.65 kB[22m
[2mdist/[22m[36massets/js/StudentFriendsPage-CLIj-vA-.js           [39m[1m[2m   14.05 kB[22m[1m[22m[2m Ôöé gzip:   3.87 kB[22m
[2mdist/[22m[36massets/js/AcademyLandingPage-CKZg3XBj.js           [39m[1m[2m   14.42 kB[22m[1m[22m[2m Ôöé gzip:   3.33 kB[22m
[2mdist/[22m[36massets/js/Equipment-kaFJLaNY.js                    [39m[1m[2m   14.54 kB[22m[1m[22m[2m Ôöé gzip:   3.47 kB[22m
[2mdist/[22m[36massets/js/PrivacyGdprPage-J-oY6gya.js              [39m[1m[2m   14.64 kB[22m[1m[22m[2m Ôöé gzip:   5.25 kB[22m
[2mdist/[22m[36massets/js/StudentDetail-BUOKnm2U.js                [39m[1m[2m   14.82 kB[22m[1m[22m[2m Ôöé gzip:   3.74 kB[22m
[2mdist/[22m[36massets/js/OrderManagement-DGsAxLHJ.js              [39m[1m[2m   15.41 kB[22m[1m[22m[2m Ôöé gzip:   4.99 kB[22m
[2mdist/[22m[36massets/js/CareLandingPage-NA_0I494.js              [39m[1m[2m   15.52 kB[22m[1m[22m[2m Ôöé gzip:   4.64 kB[22m
[2mdist/[22m[36massets/js/HelpSupport-4oYV2yR6.js                  [39m[1m[2m   15.55 kB[22m[1m[22m[2m Ôöé gzip:   5.87 kB[22m
[2mdist/[22m[36massets/js/StudentCourses-CcsIYgVD.js               [39m[1m[2m   16.17 kB[22m[1m[22m[2m Ôöé gzip:   4.91 kB[22m
[2mdist/[22m[36massets/js/RolesAdmin-D9ZGAesy.js                   [39m[1m[2m   16.26 kB[22m[1m[22m[2m Ôöé gzip:   5.10 kB[22m
[2mdist/[22m[36massets/js/ExecutiveDashboard-BbsPJdFG.js           [39m[1m[2m   16.30 kB[22m[1m[22m[2m Ôöé gzip:   5.45 kB[22m
[2mdist/[22m[36massets/js/MemberOfferings-DodwiSL3.js              [39m[1m[2m   16.41 kB[22m[1m[22m[2m Ôöé gzip:   5.26 kB[22m
[2mdist/[22m[36massets/js/transition-CJCK7ac3.js                   [39m[1m[2m   16.65 kB[22m[1m[22m[2m Ôöé gzip:   6.22 kB[22m
[2mdist/[22m[36massets/js/RentalBookingModal-DIEkxtIX.js           [39m[1m[2m   16.65 kB[22m[1m[22m[2m Ôöé gzip:   5.00 kB[22m
[2mdist/[22m[36massets/js/MyOrdersPage-B4nrBCFP.js                 [39m[1m[2m   17.04 kB[22m[1m[22m[2m Ôöé gzip:   5.22 kB[22m
[2mdist/[22m[36massets/js/InventoryPage-Da150DNT.js                [39m[1m[2m   17.35 kB[22m[1m[22m[2m Ôöé gzip:   5.56 kB[22m
[2mdist/[22m[36massets/js/ServiceDetailModal-D1lEJA9K.js           [39m[1m[2m   17.46 kB[22m[1m[22m[2m Ôöé gzip:   5.80 kB[22m
[2mdist/[22m[36massets/js/RepairsPage-B1Xk865o.js                  [39m[1m[2m   17.77 kB[22m[1m[22m[2m Ôöé gzip:   5.93 kB[22m
[2mdist/[22m[36massets/js/GroupBookingDetailPage-m2fGomje.js       [39m[1m[2m   18.44 kB[22m[1m[22m[2m Ôöé gzip:   6.13 kB[22m
[2mdist/[22m[36massets/js/WaiverManagement-CmELRcP_.js             [39m[1m[2m   18.69 kB[22m[1m[22m[2m Ôöé gzip:   6.15 kB[22m
[2mdist/[22m[36massets/js/PublicQuickBooking-D-LsewR8.js           [39m[1m[2m   18.80 kB[22m[1m[22m[2m Ôöé gzip:   5.78 kB[22m
[2mdist/[22m[36massets/js/BookingsPage-Ce3Cu2wu.js                 [39m[1m[2m   19.31 kB[22m[1m[22m[2m Ôöé gzip:   6.35 kB[22m
[2mdist/[22m[36massets/js/CustomerPackageManager-DaMer7qY.js       [39m[1m[2m   19.91 kB[22m[1m[22m[2m Ôöé gzip:   5.69 kB[22m
[2mdist/[22m[36massets/js/StudentSchedule-BNj3im7X.js              [39m[1m[2m   21.31 kB[22m[1m[22m[2m Ôöé gzip:   6.70 kB[22m
[2mdist/[22m[36massets/js/UserDetail-mYCPTFNd.js                   [39m[1m[2m   21.59 kB[22m[1m[22m[2m Ôöé gzip:   6.64 kB[22m
[2mdist/[22m[36massets/js/FormResponsesPage-B-hNTNMj.js            [39m[1m[2m   21.95 kB[22m[1m[22m[2m Ôöé gzip:   6.74 kB[22m
[2mdist/[22m[36massets/js/Settings-COhDif4S.js                     [39m[1m[2m   22.06 kB[22m[1m[22m[2m Ôöé gzip:   5.85 kB[22m
[2mdist/[22m[36massets/js/index.esm-C1zYnCn2.js                    [39m[1m[2m   23.09 kB[22m[1m[22m[2m Ôöé gzip:   8.56 kB[22m
[2mdist/[22m[36massets/js/Pagination-CcgWBmju.js                   [39m[1m[2m   23.46 kB[22m[1m[22m[2m Ôöé gzip:   7.08 kB[22m
[2mdist/[22m[36massets/js/InstructorRatingsAnalytics-CjWoX86e.js   [39m[1m[2m   24.07 kB[22m[1m[22m[2m Ôöé gzip:   7.45 kB[22m
[2mdist/[22m[36massets/js/MembershipSettings-CRscf9W8.js           [39m[1m[2m   24.76 kB[22m[1m[22m[2m Ôöé gzip:   7.45 kB[22m
[2mdist/[22m[36massets/js/Instructors-DPItabgJ.js                  [39m[1m[2m   25.95 kB[22m[1m[22m[2m Ôöé gzip:   8.16 kB[22m
[2mdist/[22m[36massets/js/CurrencyManagementSection-DdGE4lOD.js    [39m[1m[2m   26.26 kB[22m[1m[22m[2m Ôöé gzip:   6.89 kB[22m
[2mdist/[22m[36massets/js/CalendarContext-C44ZTMen.js              [39m[1m[2m   26.37 kB[22m[1m[22m[2m Ôöé gzip:   7.99 kB[22m
[2mdist/[22m[36massets/js/StudentProfile-Crxw72bf.js               [39m[1m[2m   26.43 kB[22m[1m[22m[2m Ôöé gzip:   7.23 kB[22m
[2mdist/[22m[36massets/js/index-PBX2eyeo.js                        [39m[1m[2m   27.37 kB[22m[1m[22m[2m Ôöé gzip:   9.59 kB[22m
[2mdist/[22m[36massets/js/DynamicField-BpCMetdq.js                 [39m[1m[2m   28.94 kB[22m[1m[22m[2m Ôöé gzip:   9.33 kB[22m
[2mdist/[22m[36massets/js/dialog-CZ4VzCKz.js                       [39m[1m[2m   29.55 kB[22m[1m[22m[2m Ôöé gzip:  10.33 kB[22m
[2mdist/[22m[36massets/js/VoucherManagement-BoNTre2z.js            [39m[1m[2m   29.59 kB[22m[1m[22m[2m Ôöé gzip:   8.28 kB[22m
[2mdist/[22m[36massets/js/AllInclusiveBookingModal-b5_hTY-c.js     [39m[1m[2m   29.79 kB[22m[1m[22m[2m Ôöé gzip:   8.54 kB[22m
[2mdist/[22m[36massets/js/RentalServices-0XbT6h60.js               [39m[1m[2m   30.53 kB[22m[1m[22m[2m Ôöé gzip:   9.52 kB[22m
[2mdist/[22m[36massets/js/decimal-BhoRhAi-.js                      [39m[1m[2m   31.94 kB[22m[1m[22m[2m Ôöé gzip:  12.94 kB[22m
[2mdist/[22m[36massets/js/PackageManagement-Dke44nLX.js            [39m[1m[2m   32.46 kB[22m[1m[22m[2m Ôöé gzip:   9.18 kB[22m
[2mdist/[22m[36massets/js/Rentals-4Mk2mKg8.js                      [39m[1m[2m   33.52 kB[22m[1m[22m[2m Ôöé gzip:   9.85 kB[22m
[2mdist/[22m[36massets/js/StrikethroughOutlined-BrHmS3CL.js        [39m[1m[2m   36.06 kB[22m[1m[22m[2m Ôöé gzip:  11.60 kB[22m
[2mdist/[22m[36massets/js/FormPreviewPage-BAbT-_Pu.js              [39m[1m[2m   41.32 kB[22m[1m[22m[2m Ôöé gzip:  12.25 kB[22m
[2mdist/[22m[36massets/js/QuickLinksPage-t-SBF7Vp.js               [39m[1m[2m   42.44 kB[22m[1m[22m[2m Ôöé gzip:  11.17 kB[22m
[2mdist/[22m[36massets/js/Shop-B1xdycW-.js                         [39m[1m[2m   44.09 kB[22m[1m[22m[2m Ôöé gzip:  13.02 kB[22m
[2mdist/[22m[36massets/js/core.esm-Bn6_Dr3k.js                     [39m[1m[2m   44.59 kB[22m[1m[22m[2m Ôöé gzip:  14.53 kB[22m
[2mdist/[22m[36massets/js/ExperiencePackagesPage-CwwXJwrk.js       [39m[1m[2m   44.68 kB[22m[1m[22m[2m Ôöé gzip:  11.44 kB[22m
[2mdist/[22m[36massets/js/UserSettings-B0PbeRSC.js                 [39m[1m[2m   45.07 kB[22m[1m[22m[2m Ôöé gzip:  11.72 kB[22m
[2mdist/[22m[36massets/js/LessonServices-js06g3Fz.js               [39m[1m[2m   48.04 kB[22m[1m[22m[2m Ôöé gzip:  13.06 kB[22m
[2mdist/[22m[36massets/js/groupBookingUtils-BCNUHRCg.js            [39m[1m[2m   50.24 kB[22m[1m[22m[2m Ôöé gzip:   9.68 kB[22m
[2mdist/[22m[36massets/js/DashboardRouter-DqRbbYow.js              [39m[1m[2m   50.43 kB[22m[1m[22m[2m Ôöé gzip:  12.07 kB[22m
[2mdist/[22m[36massets/js/ShopManagement-Dp1jxm2P.js               [39m[1m[2m   53.20 kB[22m[1m[22m[2m Ôöé gzip:  15.79 kB[22m
[2mdist/[22m[36massets/js/AccommodationUnitsManager-J3VsES6V.js    [39m[1m[2m   57.18 kB[22m[1m[22m[2m Ôöé gzip:  13.21 kB[22m
[2mdist/[22m[36massets/js/moment-f4tm6vQK.js                       [39m[1m[2m   60.01 kB[22m[1m[22m[2m Ôöé gzip:  19.00 kB[22m
[2mdist/[22m[36massets/js/CustomerProfilePage-BqcsoORJ.js          [39m[1m[2m   64.47 kB[22m[1m[22m[2m Ôöé gzip:  17.31 kB[22m
[2mdist/[22m[36massets/js/InstructorDashboard-DFrwSk_b.js          [39m[1m[2m   64.78 kB[22m[1m[22m[2m Ôöé gzip:  17.77 kB[22m
[2mdist/[22m[36massets/js/Customers-D1jqvGMQ.js                    [39m[1m[2m   65.04 kB[22m[1m[22m[2m Ôöé gzip:  17.32 kB[22m
[2mdist/[22m[36massets/js/StudentBookingWizard-DBaHbjEL.js         [39m[1m[2m   66.27 kB[22m[1m[22m[2m Ôöé gzip:  17.52 kB[22m
[2mdist/[22m[36massets/js/Finance-nmSG5CUJ.js                      [39m[1m[2m   68.69 kB[22m[1m[22m[2m Ôöé gzip:  18.05 kB[22m
[2mdist/[22m[36massets/js/BookingCalendarPage-lw9VUKaA.js          [39m[1m[2m   75.64 kB[22m[1m[22m[2m Ôöé gzip:  20.05 kB[22m
[2mdist/[22m[36massets/js/StudentDashboard-CALEKFad.js             [39m[1m[2m   83.29 kB[22m[1m[22m[2m Ôöé gzip:  24.78 kB[22m
[2mdist/[22m[36massets/js/StepBookingModal-DeEutfE1.js             [39m[1m[2m   91.48 kB[22m[1m[22m[2m Ôöé gzip:  24.04 kB[22m
[2mdist/[22m[36massets/js/AcademyServicePackagesPage-G9a28tnw.js   [39m[1m[2m   96.72 kB[22m[1m[22m[2m Ôöé gzip:  25.59 kB[22m
[2mdist/[22m[36massets/js/MarketingPage-mNYtrKif.js                [39m[1m[2m   97.24 kB[22m[1m[22m[2m Ôöé gzip:  26.53 kB[22m
[2mdist/[22m[36massets/js/Table-DCOybIyW.js                        [39m[1m[2m  141.48 kB[22m[1m[22m[2m Ôöé gzip:  44.17 kB[22m
[2mdist/[22m[36massets/js/FamilyManagementPage-BLyNtPXB.js         [39m[1m[2m  143.96 kB[22m[1m[22m[2m Ôöé gzip:  46.03 kB[22m
[2mdist/[22m[36massets/js/UserForm-BERK5ihJ.js                     [39m[1m[2m  144.89 kB[22m[1m[22m[2m Ôöé gzip:  37.14 kB[22m
[2mdist/[22m[36massets/js/index.es-CdS-FMxq.js                     [39m[1m[2m  148.09 kB[22m[1m[22m[2m Ôöé gzip:  49.45 kB[22m
[2mdist/[22m[36massets/js/html2canvas.esm-BkzlXUwq.js              [39m[1m[2m  198.96 kB[22m[1m[22m[2m Ôöé gzip:  46.42 kB[22m
[2mdist/[22m[36massets/js/LegalDocumentsPage-i5XPbuTc.js           [39m[1m[2m  228.29 kB[22m[1m[22m[2m Ôöé gzip:  50.59 kB[22m
[2mdist/[22m[36massets/js/DeletedBookingsPage-DiSL9JWE.js          [39m[1m[2m  275.28 kB[22m[1m[22m[2m Ôöé gzip:  81.82 kB[22m
[2mdist/[22m[36massets/js/PayrollDashboard-CXYJSSCJ.js             [39m[1m[2m  298.64 kB[22m[1m[22m[2m Ôöé gzip:  99.26 kB[22m
[2mdist/[22m[36massets/js/ChatPage-BYacZ_Wg.js                     [39m[1m[2m  300.49 kB[22m[1m[22m[2m Ôöé gzip:  72.50 kB[22m
[2mdist/[22m[36massets/js/generateCategoricalChart-Cdf9EBvI.js     [39m[1m[2m  353.27 kB[22m[1m[22m[2m Ôöé gzip:  91.50 kB[22m
[2mdist/[22m[36massets/js/jspdf.plugin.autotable-D3prn9Nl.js       [39m[1m[2m  385.64 kB[22m[1m[22m[2m Ôöé gzip: 124.41 kB[22m
[2mdist/[22m[36massets/js/FormBuilderPage-BWc92ti-.js              [39m[1m[2m  906.62 kB[22m[1m[22m[2m Ôöé gzip: 184.38 kB[22m
[2mdist/[22m[36massets/js/index-OgTUvTO3.js                        [39m[1m[2m1,687.66 kB[22m[1m[22m[2m Ôöé gzip: 508.26 kB[22m
[32mÔ£ô built in 1m 7s[39m
